
> aocentimo@0.1.0 build
> next build

▲ Next.js 16.3.5 (Turbopack)
✓ Running next.config.ts took 118ms

  Creating an optimized production build ...
✓ Compiled successfully in 16.8s
  Running TypeScript ...
  Finished TypeScript in 26.1s ...
  Collecting page data using 3 workers ...
  Generating static pages using 3 workers (0/48) ...
  Generating static pages using 3 workers (12/48) 
  Generating static pages using 3 workers (24/48) 
  Generating static pages using 3 workers (36/48) 
✓ Generating static pages using 3 workers (48/48) in 3.0s
  Finalizing page optimization ...

Route (app)
┌ ○ /
├ ○ /_not-found
├ ○ /apple-icon.png
├ ○ /aprender
├   /aprender/[slug]
│ ├ ● /aprender/euribor
│ ├ ● /aprender/spread
│ ├ ● /aprender/tan
│ └ ● [+20 more paths]
├ ○ /casa
├ ○ /credito
├ ○ /dados
├ ○ /estilo
├ ○ /feed.xml
├ ○ /icon.svg
├ ○ /icon1.png
├ ○ /icon2.png
├ ○ /impostos
├ ○ /inflacao
├ ○ /irs
├ ○ /manifest.webmanifest
├ ○ /metodologia
├ ○ /poupanca
├ ○ /precos
├ ○ /robots.txt
├ ○ /salario
├ ○ /sitemap.xml
├ ○ /sobre
└ ○ /trabalho


○  (Static)  prerendered as static content
●  (SSG)     prerendered as static HTML (uses generateStaticParams)


> aocentimo@0.1.0 postbuild
> node scripts/_postbuild-prefetch.mjs && node scripts/_preload-intro.mjs

postbuild: 38 ficheiros de segmento espelhados para o nome plano
preload da intro:posto no index.html
